// Jest Snapshot v1, https://goo.gl/fbAQLP

exports[`ImagePreview renders correctly 1`] = `null`;
